              A           B           C           D           E           F           G           H           I           J
  1           0           0           0           0           0           0           0           0           0           0
  2           0           0           0           0           0           0           0           0           0           0
  3           0           0           0           0           0           0           0           0           0           0
  4           0           0           0           0           0           0           0           0           0           0
  5           0           0           0           0           0           0           0           0           0           0
  6           0           0           0           0           0           0           0           0           0           0
  7           0           0           0           0           0           0           0           0           0           0
  8           0           0           0           0           0           0           0           0           0           0
  9           0           0           0           0           0           0           0           0           0           0
 10           0           0           0           0           0           0           0           0           0           0
[0.0] (ok) >               A           B           C           D           E           F           G           H           I           J
  1           0           0           0           0           0           0           0           0           0           0
  2           0           0           0           0           0           0           0           0           0           0
  3           0           0           0           0           0           0           0           0           0           0
  4           0           0           0           0           0           0           0           0           0           0
  5           0           0           0           0           0           0           0           0           0           0
  6           0           0           0           0           0           0           0           0           0           0
  7           0           0           0           0           0           0           0           0           0           0
  8           0           0           0           0           0           0           0           0           0           0
  9           0           0           0           0           0           0           0           0           0           0
 10           0           0           0           0           0           0           0           0           0           0
[0.0] (ok) >               A           B           C           D           E           F           G           H           I           J
  1           2           0           0           0           0           0           0           0           0           0
  2           0           0           0           0           0           0           0           0           0           0
  3           0           0           0           0           0           0           0           0           0           0
  4           0           0           0           0           0           0           0           0           0           0
  5           0           0           0           0           0           0           0           0           0           0
  6           0           0           0           0           0           0           0           0           0           0
  7           0           0           0           0           0           0           0           0           0           0
  8           0           0           0           0           0           0           0           0           0           0
  9           0           0           0           0           0           0           0           0           0           0
 10           0           0           0           0           0           0           0           0           0           0
[0.2] (ok) >               A           B           C           D           E           F           G           H           I           J
  1           4           0           0           0           0           0           0           0           0           0
  2           2           0           0           0           0           0           0           0           0           0
  3           0           0           0           0           0           0           0           0           0           0
  4           0           0           0           0           0           0           0           0           0           0
  5           0           0           0           0           0           0           0           0           0           0
  6           0           0           0           0           0           0           0           0           0           0
  7           0           0           0           0           0           0           0           0           0           0
  8           0           0           0           0           0           0           0           0           0           0
  9           0           0           0           0           0           0           0           0           0           0
 10           0           0           0           0           0           0           0           0           0           0
[0.0] (ok) >               A           B           C           D           E           F           G           H           I           J
  1           8           0           0           0           0           0           0           0           0           0
  2           4           0           0           0           0           0           0           0           0           0
  3           2           0           0           0           0           0           0           0           0           0
  4           0           0           0           0           0           0           0           0           0           0
  5           0           0           0           0           0           0           0           0           0           0
  6           0           0           0           0           0           0           0           0           0           0
  7           0           0           0           0           0           0           0           0           0           0
  8           0           0           0           0           0           0           0           0           0           0
  9           0           0           0           0           0           0           0           0           0           0
 10           0           0           0           0           0           0           0           0           0           0
[0.0] (ok) >               A           B           C           D           E           F           G           H           I           J
  1          16           0           0           0           0           0           0           0           0           0
  2           8           0           0           0           0           0           0           0           0           0
  3           4           0           0           0           0           0           0           0           0           0
  4           2           0           0           0           0           0           0           0           0           0
  5           0           0           0           0           0           0           0           0           0           0
  6           0           0           0           0           0           0           0           0           0           0
  7           0           0           0           0           0           0           0           0           0           0
  8           0           0           0           0           0           0           0           0           0           0
  9           0           0           0           0           0           0           0           0           0           0
 10           0           0           0           0           0           0           0           0           0           0
[0.0] (ok) >               A           B           C           D           E           F           G           H           I           J
  1          32           0           0           0           0           0           0           0           0           0
  2          16           0           0           0           0           0           0           0           0           0
  3           8           0           0           0           0           0           0           0           0           0
  4           4           0           0           0           0           0           0           0           0           0
  5           2           0           0           0           0           0           0           0           0           0
  6           0           0           0           0           0           0           0           0           0           0
  7           0           0           0           0           0           0           0           0           0           0
  8           0           0           0           0           0           0           0           0           0           0
  9           0           0           0           0           0           0           0           0           0           0
 10           0           0           0           0           0           0           0           0           0           0
[0.0] (ok) >               A           B           C           D           E           F           G           H           I           J
  1          64           0           0           0           0           0           0           0           0           0
  2          32           0           0           0           0           0           0           0           0           0
  3          16           0           0           0           0           0           0           0           0           0
  4           8           0           0           0           0           0           0           0           0           0
  5           4           0           0           0           0           0           0           0           0           0
  6           2           0           0           0           0           0           0           0           0           0
  7           0           0           0           0           0           0           0           0           0           0
  8           0           0           0           0           0           0           0           0           0           0
  9           0           0           0           0           0           0           0           0           0           0
 10           0           0           0           0           0           0           0           0           0           0
[0.0] (ok) >               A           B           C           D           E           F           G           H           I           J
  1         128           0           0           0           0           0           0           0           0           0
  2          64           0           0           0           0           0           0           0           0           0
  3          32           0           0           0           0           0           0           0           0           0
  4          16           0           0           0           0           0           0           0           0           0
  5           8           0           0           0           0           0           0           0           0           0
  6           4           0           0           0           0           0           0           0           0           0
  7           2           0           0           0           0           0           0           0           0           0
  8           0           0           0           0           0           0           0           0           0           0
  9           0           0           0           0           0           0           0           0           0           0
 10           0           0           0           0           0           0           0           0           0           0
[0.0] (ok) >               A           B           C           D           E           F           G           H           I           J
  1         256           0           0           0           0           0           0           0           0           0
  2         128           0           0           0           0           0           0           0           0           0
  3          64           0           0           0           0           0           0           0           0           0
  4          32           0           0           0           0           0           0           0           0           0
  5          16           0           0           0           0           0           0           0           0           0
  6           8           0           0           0           0           0           0           0           0           0
  7           4           0           0           0           0           0           0           0           0           0
  8           2           0           0           0           0           0           0           0           0           0
  9           0           0           0           0           0           0           0           0           0           0
 10           0           0           0           0           0           0           0           0           0           0
[0.0] (ok) >               A           B           C           D           E           F           G           H           I           J
  1         512           0           0           0           0           0           0           0           0           0
  2         256           0           0           0           0           0           0           0           0           0
  3         128           0           0           0           0           0           0           0           0           0
  4          64           0           0           0           0           0           0           0           0           0
  5          32           0           0           0           0           0           0           0           0           0
  6          16           0           0           0           0           0           0           0           0           0
  7           8           0           0           0           0           0           0           0           0           0
  8           4           0           0           0           0           0           0           0           0           0
  9           2           0           0           0           0           0           0           0           0           0
 10           0           0           0           0           0           0           0           0           0           0
[0.0] (ok) > [0.0] (ok) > [0.0] (ok) > [0.0] (ok) > [0.0] (ok) > [0.0] (ok) > [0.0] (ok) > [0.0] (ok) > [0.0] (ok) > [0.0] (ok) > [0.0] (ok) > [0.0] (ok) > [0.0] (ok) > [0.0] (ok) > [0.0] (ok) > [0.0] (ok) > [0.0] (ok) > [0.0] (ok) > [0.0] (ok) > [0.0] (ok) > [0.0] (ok) > [0.0] (ok) > [0.0] (ok) > [0.0] (ok) >               A           B           C           D           E           F           G           H           I           J
  1  1073741824           0           0           0           0           0           0           0           0           0
  2   536870912           0           0           0           0           0           0           0           0           0
  3   268435456           0           0           0           0           0           0           0           0           0
  4   134217728           0           0           0           0           0           0           0           0           0
  5    67108864           0           0           0           0           0           0           0           0           0
  6    33554432           0           0           0           0           0           0           0           0           0
  7    16777216           0           0           0           0           0           0           0           0           0
  8     8388608           0           0           0           0           0           0           0           0           0
  9     4194304           0           0           0           0           0           0           0           0           0
 10     2097152           0           0           0           0           0           0           0           0           0
[0.0] (ok) >               A           B           C           D           E           F           G           H           I           J
  1   536870912           0           0           0           0           0           0           0           0           0
  2   268435456           0           0           0           0           0           0           0           0           0
  3   134217728           0           0           0           0           0           0           0           0           0
  4    67108864           0           0           0           0           0           0           0           0           0
  5    33554432           0           0           0           0           0           0           0           0           0
  6    16777216           0           0           0           0           0           0           0           0           0
  7     8388608           0           0           0           0           0           0           0           0           0
  8     4194304           0           0           0           0           0           0           0           0           0
  9     2097152           0           0           0           0           0           0           0           0           0
 10     1048576           0           0           0           0           0           0           0           0           0
[0.0] (ok) >               A           B           C           D           E           F           G           H           I           J
  1  1073741824           1           0           0           0           0           0           0           0           0
  2   536870912           0           0           0           0           0           0           0           0           0
  3   268435456           0           0           0           0           0           0           0           0           0
  4   134217728           0           0           0           0           0           0           0           0           0
  5    67108864           0           0           0           0           0           0           0           0           0
  6    33554432           0           0           0           0           0           0           0           0           0
  7    16777216           0           0           0           0           0           0           0           0           0
  8     8388608           0           0           0           0           0           0           0           0           0
  9     4194304           0           0           0           0           0           0           0           0           0
 10     2097152           0           0           0           0           0           0           0           0           0
[0.0] (ok) >             ZZZ
999           1
[0.0] (ok) > 